[portfolio-n4sn.vercel.app/index.html]
[backblue.gif]
[fade.gif]
[index.html]
[portfolio-n4sn.vercel.app/favicon.ico]
[portfolio-n4sn.vercel.app/icon.1.delayed]
[portfolio-n4sn.vercel.app/apple-touch-icon.2.delayed]
[portfolio-n4sn.vercel.app/site.webmanifest]
[portfolio-n4sn.vercel.app/_next/static/css/7d74b074a6224d17.css]
[portfolio-n4sn.vercel.app/_next/static/chunks/polyfills-0d1b80a048d4787e.js]
[portfolio-n4sn.vercel.app/_next/static/chunks/webpack-8da0e3083cad78e2.js]
[portfolio-n4sn.vercel.app/_next/static/chunks/framework-ae4f43955bfa5ddc.js]
[portfolio-n4sn.vercel.app/_next/static/chunks/main-1ab6d2778152c4f4.js]
[portfolio-n4sn.vercel.app/_next/static/chunks/pages/_app-5781636d55508003.js]
[portfolio-n4sn.vercel.app/_next/static/chunks/623-2c3c41e15c2933e8.js]
[portfolio-n4sn.vercel.app/_next/static/chunks/pages/index-7927d05e18660b81.js]
[portfolio-n4sn.vercel.app/_next/static/tac4OL3Ui75C4Jn8FGRgf/_buildManifest.js]
[portfolio-n4sn.vercel.app/_next/static/tac4OL3Ui75C4Jn8FGRgf/_ssgManifest.js]
[portfolio-n4sn.vercel.app/_next/portfolio-background9203.jpg]
[portfolio-n4sn.vercel.app/assets/resume.10.delayed]
[portfolio-n4sn.vercel.app/_data_image/jpeg;base64,/9j/2wBDAAoHBwgHBgoICAgLCgoLDhgQDg0NDh0VFhEYIx8lJCI/2wBDAQoLCw4NDhwQEBw7KCIoOzs7Ozs7Ozs7Ozs7Ozs7Ozs/wAARCAAFAAgDASIAAhEBAxEB/8QAF/Z_.f.delaye]
[portfolio-n4sn.vercel.app/_next/profilepicc112.jpg]
[portfolio-n4sn.vercel.app/index.html]
[portfolio-n4sn.vercel.app/404]
[portfolio-n4sn.vercel.app/404-2]
[portfolio-n4sn.vercel.app/_next/static/css/7d74b074a6224d17.css]
[portfolio-n4sn.vercel.app/_data_image/jpeg;base64,/9j/2wBDAAoHBwgHBgoICAgLCgoLDhgQDg0NDh0VFhEYIx8lJCI/2wBDAQoLCw4NDhwQEBw7KCIoOzs7Ozs7Ozs7Ozs7Ozs7Ozs/wAARCAAFAAgDASIAAhEBAxEB/8QAF/Z_.f.delaye]
[portfolio-n4sn.vercel.app/assets/404]
